[0.012s] Invoking command in '/uav_ws/build/vehicle_interface': CMAKE_PREFIX_PATH=${CMAKE_PREFIX_PATH}:/opt/ros/humble /usr/bin/cmake --build /uav_ws/build/vehicle_interface -- -j4 -l4
[0.054s] -- Found ament_cmake: 1.3.14 (/opt/ros/humble/share/ament_cmake/cmake)
[0.237s] -- Found rclcpp: 16.0.19 (/opt/ros/humble/share/rclcpp/cmake)
[0.282s] -- Found rosidl_generator_c: 3.1.9 (/opt/ros/humble/share/rosidl_generator_c/cmake)
[0.288s] -- Found rosidl_adapter: 3.1.9 (/opt/ros/humble/share/rosidl_adapter/cmake)
[0.299s] -- Found rosidl_generator_cpp: 3.1.9 (/opt/ros/humble/share/rosidl_generator_cpp/cmake)
[0.316s] -- Using all available rosidl_typesupport_c: rosidl_typesupport_fastrtps_c;rosidl_typesupport_introspection_c
[0.337s] -- Using all available rosidl_typesupport_cpp: rosidl_typesupport_fastrtps_cpp;rosidl_typesupport_introspection_cpp
[0.393s] -- Found rmw_implementation_cmake: 6.1.2 (/opt/ros/humble/share/rmw_implementation_cmake/cmake)
[0.396s] -- Found rmw_fastrtps_cpp: 6.2.10 (/opt/ros/humble/share/rmw_fastrtps_cpp/cmake)
[0.534s] -- Found OpenSSL: /usr/lib/aarch64-linux-gnu/libcrypto.so (found version "3.0.2")  
[0.560s] -- Found FastRTPS: /opt/ros/humble/include  
[0.605s] -- Using RMW implementation 'rmw_fastrtps_cpp' as default
[0.616s] -- Looking for pthread.h
[0.743s] -- Looking for pthread.h - found
[0.743s] -- Performing Test CMAKE_HAVE_LIBC_PTHREAD
[0.869s] -- Performing Test CMAKE_HAVE_LIBC_PTHREAD - Success
[0.871s] -- Found Threads: TRUE  
[0.949s] -- Found ament_lint_auto: 0.12.15 (/opt/ros/humble/share/ament_lint_auto/cmake)
[1.058s] -- Added test 'cppcheck' to perform static code analysis on C / C++ code
[1.058s] -- Configured cppcheck include dirs: 
[1.058s] -- Configured cppcheck exclude dirs and/or files: 
[1.059s] -- Added test 'lint_cmake' to check CMake code style
[1.061s] -- Added test 'uncrustify' to check C / C++ code style
[1.061s] -- Configured uncrustify additional arguments: 
[1.061s] -- Added test 'xmllint' to check XML markup files
[1.063s] -- Configuring done
[1.086s] -- Generating done
[1.096s] -- Build files have been written to: /uav_ws/build/vehicle_interface
[1.157s] [ 50%] [32mBuilding CXX object CMakeFiles/vehicle_interface_node.dir/src/vehicle_interface_node.cpp.o[0m
[4.557s] [01m[K/uav_ws/src/vehicle_interface/src/vehicle_interface_node.cpp:[m[K In function ‘[01m[Kint main(int, char**)[m[K’:
[4.557s] [01m[K/uav_ws/src/vehicle_interface/src/vehicle_interface_node.cpp:26:14:[m[K [01;31m[Kerror: [m[Kexpected ‘[01m[K}[m[K’ at end of input
[4.557s]    26 |     return 0;
[4.557s]       |              [01;31m[K^[m[K
[4.557s] [01m[K/uav_ws/src/vehicle_interface/src/vehicle_interface_node.cpp:17:1:[m[K [01;36m[Knote: [m[Kto match this ‘[01m[K{[m[K’
[4.557s]    17 | [01;36m[K{[m[K
[4.557s]       | [01;36m[K^[m[K
[5.162s] gmake[2]: *** [CMakeFiles/vehicle_interface_node.dir/build.make:76: CMakeFiles/vehicle_interface_node.dir/src/vehicle_interface_node.cpp.o] Error 1
[5.163s] gmake[1]: *** [CMakeFiles/Makefile2:137: CMakeFiles/vehicle_interface_node.dir/all] Error 2
[5.163s] gmake: *** [Makefile:146: all] Error 2
[5.166s] Invoked command in '/uav_ws/build/vehicle_interface' returned '2': CMAKE_PREFIX_PATH=${CMAKE_PREFIX_PATH}:/opt/ros/humble /usr/bin/cmake --build /uav_ws/build/vehicle_interface -- -j4 -l4
