[0.140s] DEBUG:colcon:Command line arguments: ['/usr/bin/colcon', 'build']
[0.140s] DEBUG:colcon:Parsed command line arguments: Namespace(log_base=None, log_level=None, verb_name='build', build_base='build', install_base='install', merge_install=False, symlink_install=False, test_result_base=None, continue_on_error=False, executor='parallel', parallel_workers=4, event_handlers=None, ignore_user_meta=False, metas=['./colcon.meta'], base_paths=['.'], packages_ignore=None, packages_ignore_regex=None, paths=None, packages_up_to=None, packages_up_to_regex=None, packages_above=None, packages_above_and_dependencies=None, packages_above_depth=None, packages_select_by_dep=None, packages_skip_by_dep=None, packages_skip_up_to=None, packages_select_build_failed=False, packages_skip_build_finished=False, packages_select_test_failures=False, packages_skip_test_passed=False, packages_select=None, packages_skip=None, packages_select_regex=None, packages_skip_regex=None, packages_start=None, packages_end=None, allow_overriding=[], cmake_args=None, cmake_target=None, cmake_target_skip_unavailable=False, cmake_clean_cache=False, cmake_clean_first=False, cmake_force_configure=False, ament_cmake_args=None, catkin_cmake_args=None, catkin_skip_building_tests=False, verb_parser=<colcon_defaults.argument_parser.defaults.DefaultArgumentsDecorator object at 0xffff92459120>, verb_extension=<colcon_core.verb.build.BuildVerb object at 0xffff925ea800>, main=<bound method BuildVerb.main of <colcon_core.verb.build.BuildVerb object at 0xffff925ea800>>)
[0.301s] Level 1:colcon.colcon_core.package_discovery:discover_packages(colcon_meta) check parameters
[0.301s] Level 1:colcon.colcon_core.package_discovery:discover_packages(recursive) check parameters
[0.301s] Level 1:colcon.colcon_core.package_discovery:discover_packages(ignore) check parameters
[0.301s] Level 1:colcon.colcon_core.package_discovery:discover_packages(path) check parameters
[0.301s] Level 1:colcon.colcon_core.package_discovery:discover_packages(colcon_meta) discover
[0.301s] Level 1:colcon.colcon_core.package_discovery:discover_packages(recursive) discover
[0.301s] INFO:colcon.colcon_core.package_discovery:Crawling recursively for packages in '/uav_ws'
[0.301s] Level 1:colcon.colcon_core.package_identification:_identify(.) by extensions ['ignore', 'ignore_ament_install']
[0.301s] Level 1:colcon.colcon_core.package_identification:_identify(.) by extension 'ignore'
[0.301s] Level 1:colcon.colcon_core.package_identification:_identify(.) by extension 'ignore_ament_install'
[0.301s] Level 1:colcon.colcon_core.package_identification:_identify(.) by extensions ['colcon_pkg']
[0.302s] Level 1:colcon.colcon_core.package_identification:_identify(.) by extension 'colcon_pkg'
[0.302s] Level 1:colcon.colcon_core.package_identification:_identify(.) by extensions ['colcon_meta']
[0.302s] Level 1:colcon.colcon_core.package_identification:_identify(.) by extension 'colcon_meta'
[0.302s] Level 1:colcon.colcon_core.package_identification:_identify(.) by extensions ['ros']
[0.302s] Level 1:colcon.colcon_core.package_identification:_identify(.) by extension 'ros'
[0.317s] Level 1:colcon.colcon_core.package_identification:_identify(.) by extensions ['cmake', 'python']
[0.317s] Level 1:colcon.colcon_core.package_identification:_identify(.) by extension 'cmake'
[0.317s] Level 1:colcon.colcon_core.package_identification:_identify(.) by extension 'python'
[0.317s] Level 1:colcon.colcon_core.package_identification:_identify(.) by extensions ['python_setup_py']
[0.317s] Level 1:colcon.colcon_core.package_identification:_identify(.) by extension 'python_setup_py'
[0.317s] Level 1:colcon.colcon_core.package_identification:_identify(build) by extensions ['ignore', 'ignore_ament_install']
[0.318s] Level 1:colcon.colcon_core.package_identification:_identify(build) by extension 'ignore'
[0.318s] Level 1:colcon.colcon_core.package_identification:_identify(build) ignored
[0.318s] Level 1:colcon.colcon_core.package_identification:_identify(install) by extensions ['ignore', 'ignore_ament_install']
[0.318s] Level 1:colcon.colcon_core.package_identification:_identify(install) by extension 'ignore'
[0.318s] Level 1:colcon.colcon_core.package_identification:_identify(install) ignored
[0.318s] Level 1:colcon.colcon_core.package_identification:_identify(log) by extensions ['ignore', 'ignore_ament_install']
[0.318s] Level 1:colcon.colcon_core.package_identification:_identify(log) by extension 'ignore'
[0.318s] Level 1:colcon.colcon_core.package_identification:_identify(log) ignored
[0.318s] Level 1:colcon.colcon_core.package_identification:_identify(src) by extensions ['ignore', 'ignore_ament_install']
[0.318s] Level 1:colcon.colcon_core.package_identification:_identify(src) by extension 'ignore'
[0.318s] Level 1:colcon.colcon_core.package_identification:_identify(src) by extension 'ignore_ament_install'
[0.318s] Level 1:colcon.colcon_core.package_identification:_identify(src) by extensions ['colcon_pkg']
[0.319s] Level 1:colcon.colcon_core.package_identification:_identify(src) by extension 'colcon_pkg'
[0.319s] Level 1:colcon.colcon_core.package_identification:_identify(src) by extensions ['colcon_meta']
[0.319s] Level 1:colcon.colcon_core.package_identification:_identify(src) by extension 'colcon_meta'
[0.319s] Level 1:colcon.colcon_core.package_identification:_identify(src) by extensions ['ros']
[0.319s] Level 1:colcon.colcon_core.package_identification:_identify(src) by extension 'ros'
[0.319s] Level 1:colcon.colcon_core.package_identification:_identify(src) by extensions ['cmake', 'python']
[0.319s] Level 1:colcon.colcon_core.package_identification:_identify(src) by extension 'cmake'
[0.319s] Level 1:colcon.colcon_core.package_identification:_identify(src) by extension 'python'
[0.319s] Level 1:colcon.colcon_core.package_identification:_identify(src) by extensions ['python_setup_py']
[0.319s] Level 1:colcon.colcon_core.package_identification:_identify(src) by extension 'python_setup_py'
[0.319s] Level 1:colcon.colcon_core.package_identification:_identify(src/vehicle_interface) by extensions ['ignore', 'ignore_ament_install']
[0.319s] Level 1:colcon.colcon_core.package_identification:_identify(src/vehicle_interface) by extension 'ignore'
[0.319s] Level 1:colcon.colcon_core.package_identification:_identify(src/vehicle_interface) by extension 'ignore_ament_install'
[0.319s] Level 1:colcon.colcon_core.package_identification:_identify(src/vehicle_interface) by extensions ['colcon_pkg']
[0.319s] Level 1:colcon.colcon_core.package_identification:_identify(src/vehicle_interface) by extension 'colcon_pkg'
[0.319s] Level 1:colcon.colcon_core.package_identification:_identify(src/vehicle_interface) by extensions ['colcon_meta']
[0.319s] Level 1:colcon.colcon_core.package_identification:_identify(src/vehicle_interface) by extension 'colcon_meta'
[0.319s] Level 1:colcon.colcon_core.package_identification:_identify(src/vehicle_interface) by extensions ['ros']
[0.319s] Level 1:colcon.colcon_core.package_identification:_identify(src/vehicle_interface) by extension 'ros'
[0.323s] DEBUG:colcon.colcon_core.package_identification:Package 'src/vehicle_interface' with type 'ros.ament_cmake' and name 'vehicle_interface'
[0.323s] Level 1:colcon.colcon_core.package_discovery:discover_packages(recursive) using defaults
[0.323s] Level 1:colcon.colcon_core.package_discovery:discover_packages(ignore) discover
[0.323s] Level 1:colcon.colcon_core.package_discovery:discover_packages(ignore) using defaults
[0.323s] Level 1:colcon.colcon_core.package_discovery:discover_packages(path) discover
[0.323s] Level 1:colcon.colcon_core.package_discovery:discover_packages(path) using defaults
[0.352s] Level 1:colcon.colcon_core.package_discovery:discover_packages(prefix_path) check parameters
[0.352s] Level 1:colcon.colcon_core.package_discovery:discover_packages(prefix_path) discover
[0.354s] DEBUG:colcon.colcon_installed_package_information.package_discovery:Found 1 installed packages in /uav_ws/install
[0.356s] DEBUG:colcon.colcon_installed_package_information.package_discovery:Found 184 installed packages in /opt/ros/humble
[0.357s] Level 1:colcon.colcon_core.package_discovery:discover_packages(prefix_path) using defaults
[0.393s] Level 5:colcon.colcon_core.verb:set package 'vehicle_interface' build argument 'cmake_args' from command line to 'None'
[0.393s] Level 5:colcon.colcon_core.verb:set package 'vehicle_interface' build argument 'cmake_target' from command line to 'None'
[0.393s] Level 5:colcon.colcon_core.verb:set package 'vehicle_interface' build argument 'cmake_target_skip_unavailable' from command line to 'False'
[0.393s] Level 5:colcon.colcon_core.verb:set package 'vehicle_interface' build argument 'cmake_clean_cache' from command line to 'False'
[0.393s] Level 5:colcon.colcon_core.verb:set package 'vehicle_interface' build argument 'cmake_clean_first' from command line to 'False'
[0.394s] Level 5:colcon.colcon_core.verb:set package 'vehicle_interface' build argument 'cmake_force_configure' from command line to 'False'
[0.394s] Level 5:colcon.colcon_core.verb:set package 'vehicle_interface' build argument 'ament_cmake_args' from command line to 'None'
[0.394s] Level 5:colcon.colcon_core.verb:set package 'vehicle_interface' build argument 'catkin_cmake_args' from command line to 'None'
[0.394s] Level 5:colcon.colcon_core.verb:set package 'vehicle_interface' build argument 'catkin_skip_building_tests' from command line to 'False'
[0.394s] DEBUG:colcon.colcon_core.verb:Building package 'vehicle_interface' with the following arguments: {'ament_cmake_args': None, 'build_base': '/uav_ws/build/vehicle_interface', 'catkin_cmake_args': None, 'catkin_skip_building_tests': False, 'cmake_args': None, 'cmake_clean_cache': False, 'cmake_clean_first': False, 'cmake_force_configure': False, 'cmake_target': None, 'cmake_target_skip_unavailable': False, 'install_base': '/uav_ws/install/vehicle_interface', 'merge_install': False, 'path': '/uav_ws/src/vehicle_interface', 'symlink_install': False, 'test_result_base': None}
[0.394s] INFO:colcon.colcon_core.executor:Executing jobs using 'parallel' executor
[0.396s] DEBUG:colcon.colcon_parallel_executor.executor.parallel:run_until_complete
[0.396s] INFO:colcon.colcon_ros.task.ament_cmake.build:Building ROS package in '/uav_ws/src/vehicle_interface' with build type 'ament_cmake'
[0.396s] INFO:colcon.colcon_cmake.task.cmake.build:Building CMake package in '/uav_ws/src/vehicle_interface'
[0.399s] INFO:colcon.colcon_core.plugin_system:Skipping extension 'colcon_core.shell.bat': Not used on non-Windows systems
[0.399s] INFO:colcon.colcon_core.shell:Skip shell extension 'powershell' for command environment: Not usable outside of PowerShell
[0.399s] DEBUG:colcon.colcon_core.shell:Skip shell extension 'dsv' for command environment
[0.412s] DEBUG:colcon.colcon_core.event_handler.log_command:Invoking command in '/uav_ws/build/vehicle_interface': CMAKE_PREFIX_PATH=${CMAKE_PREFIX_PATH}:/opt/ros/humble /usr/bin/cmake --build /uav_ws/build/vehicle_interface -- -j4 -l4
[4.939s] DEBUG:colcon.colcon_core.event_handler.log_command:Invoked command in '/uav_ws/build/vehicle_interface' returned '0': CMAKE_PREFIX_PATH=${CMAKE_PREFIX_PATH}:/opt/ros/humble /usr/bin/cmake --build /uav_ws/build/vehicle_interface -- -j4 -l4
[4.957s] DEBUG:colcon.colcon_core.event_handler.log_command:Invoking command in '/uav_ws/build/vehicle_interface': CMAKE_PREFIX_PATH=${CMAKE_PREFIX_PATH}:/opt/ros/humble /usr/bin/cmake --install /uav_ws/build/vehicle_interface
[4.977s] Level 1:colcon.colcon_core.environment:create_environment_scripts_only(vehicle_interface)
[4.977s] DEBUG:colcon.colcon_core.event_handler.log_command:Invoked command in '/uav_ws/build/vehicle_interface' returned '0': CMAKE_PREFIX_PATH=${CMAKE_PREFIX_PATH}:/opt/ros/humble /usr/bin/cmake --install /uav_ws/build/vehicle_interface
[4.981s] Level 1:colcon.colcon_core.environment:checking '/uav_ws/install/vehicle_interface' for CMake module files
[4.981s] Level 1:colcon.colcon_core.environment:checking '/uav_ws/install/vehicle_interface' for CMake config files
[4.982s] Level 1:colcon.colcon_core.shell:create_environment_hook('vehicle_interface', 'cmake_prefix_path')
[4.982s] INFO:colcon.colcon_core.shell:Creating environment hook '/uav_ws/install/vehicle_interface/share/vehicle_interface/hook/cmake_prefix_path.ps1'
[4.983s] INFO:colcon.colcon_core.shell:Creating environment descriptor '/uav_ws/install/vehicle_interface/share/vehicle_interface/hook/cmake_prefix_path.dsv'
[4.984s] INFO:colcon.colcon_core.shell:Creating environment hook '/uav_ws/install/vehicle_interface/share/vehicle_interface/hook/cmake_prefix_path.sh'
[4.986s] Level 1:colcon.colcon_core.environment:checking '/uav_ws/install/vehicle_interface/lib'
[4.986s] Level 1:colcon.colcon_core.environment:checking '/uav_ws/install/vehicle_interface/bin'
[4.986s] Level 1:colcon.colcon_core.environment:checking '/uav_ws/install/vehicle_interface/lib/pkgconfig/vehicle_interface.pc'
[4.986s] Level 1:colcon.colcon_core.environment:checking '/uav_ws/install/vehicle_interface/lib/python3.10/site-packages'
[4.987s] Level 1:colcon.colcon_core.environment:checking '/uav_ws/install/vehicle_interface/bin'
[4.987s] INFO:colcon.colcon_core.shell:Creating package script '/uav_ws/install/vehicle_interface/share/vehicle_interface/package.ps1'
[4.989s] INFO:colcon.colcon_core.shell:Creating package descriptor '/uav_ws/install/vehicle_interface/share/vehicle_interface/package.dsv'
[4.990s] INFO:colcon.colcon_core.shell:Creating package script '/uav_ws/install/vehicle_interface/share/vehicle_interface/package.sh'
[4.991s] INFO:colcon.colcon_core.shell:Creating package script '/uav_ws/install/vehicle_interface/share/vehicle_interface/package.bash'
[4.992s] INFO:colcon.colcon_core.shell:Creating package script '/uav_ws/install/vehicle_interface/share/vehicle_interface/package.zsh'
[4.993s] Level 1:colcon.colcon_core.environment:create_file_with_runtime_dependencies(/uav_ws/install/vehicle_interface/share/colcon-core/packages/vehicle_interface)
[4.994s] Level 1:colcon.colcon_core.environment:create_environment_scripts_only(vehicle_interface)
[4.994s] Level 1:colcon.colcon_core.environment:checking '/uav_ws/install/vehicle_interface' for CMake module files
[4.995s] Level 1:colcon.colcon_core.environment:checking '/uav_ws/install/vehicle_interface' for CMake config files
[4.995s] Level 1:colcon.colcon_core.shell:create_environment_hook('vehicle_interface', 'cmake_prefix_path')
[4.995s] INFO:colcon.colcon_core.shell:Creating environment hook '/uav_ws/install/vehicle_interface/share/vehicle_interface/hook/cmake_prefix_path.ps1'
[4.996s] INFO:colcon.colcon_core.shell:Creating environment descriptor '/uav_ws/install/vehicle_interface/share/vehicle_interface/hook/cmake_prefix_path.dsv'
[4.996s] INFO:colcon.colcon_core.shell:Creating environment hook '/uav_ws/install/vehicle_interface/share/vehicle_interface/hook/cmake_prefix_path.sh'
[4.997s] Level 1:colcon.colcon_core.environment:checking '/uav_ws/install/vehicle_interface/lib'
[4.998s] Level 1:colcon.colcon_core.environment:checking '/uav_ws/install/vehicle_interface/bin'
[4.998s] Level 1:colcon.colcon_core.environment:checking '/uav_ws/install/vehicle_interface/lib/pkgconfig/vehicle_interface.pc'
[4.998s] Level 1:colcon.colcon_core.environment:checking '/uav_ws/install/vehicle_interface/lib/python3.10/site-packages'
[4.998s] Level 1:colcon.colcon_core.environment:checking '/uav_ws/install/vehicle_interface/bin'
[4.999s] INFO:colcon.colcon_core.shell:Creating package script '/uav_ws/install/vehicle_interface/share/vehicle_interface/package.ps1'
[5.000s] INFO:colcon.colcon_core.shell:Creating package descriptor '/uav_ws/install/vehicle_interface/share/vehicle_interface/package.dsv'
[5.028s] INFO:colcon.colcon_core.shell:Creating package script '/uav_ws/install/vehicle_interface/share/vehicle_interface/package.sh'
[5.030s] INFO:colcon.colcon_core.shell:Creating package script '/uav_ws/install/vehicle_interface/share/vehicle_interface/package.bash'
[5.031s] INFO:colcon.colcon_core.shell:Creating package script '/uav_ws/install/vehicle_interface/share/vehicle_interface/package.zsh'
[5.032s] Level 1:colcon.colcon_core.environment:create_file_with_runtime_dependencies(/uav_ws/install/vehicle_interface/share/colcon-core/packages/vehicle_interface)
[5.032s] DEBUG:colcon.colcon_parallel_executor.executor.parallel:closing loop
[5.033s] DEBUG:colcon.colcon_parallel_executor.executor.parallel:loop closed
[5.033s] DEBUG:colcon.colcon_parallel_executor.executor.parallel:run_until_complete finished with '0'
[5.033s] DEBUG:colcon.colcon_core.event_reactor:joining thread
[5.040s] INFO:colcon.colcon_core.plugin_system:Skipping extension 'colcon_notification.desktop_notification.notify_send': Could not find 'notify-send'
[5.041s] INFO:colcon.colcon_core.plugin_system:Skipping extension 'colcon_notification.desktop_notification.terminal_notifier': Not used on non-Darwin systems
[5.041s] INFO:colcon.colcon_core.plugin_system:Skipping extension 'colcon_notification.desktop_notification.win32': Not used on non-Windows systems
[5.041s] INFO:colcon.colcon_notification.desktop_notification:Sending desktop notification using 'notify2'
[5.041s] DEBUG:colcon.colcon_notification.desktop_notification.notify2:Failed to initialize notify2: org.freedesktop.DBus.Error.NotSupported: Unable to autolaunch a dbus-daemon without a $DISPLAY for X11
[5.041s] DEBUG:colcon.colcon_core.event_reactor:joined thread
[5.041s] INFO:colcon.colcon_core.shell:Creating prefix script '/uav_ws/install/local_setup.ps1'
[5.043s] INFO:colcon.colcon_core.shell:Creating prefix util module '/uav_ws/install/_local_setup_util_ps1.py'
[5.046s] INFO:colcon.colcon_core.shell:Creating prefix chain script '/uav_ws/install/setup.ps1'
[5.047s] INFO:colcon.colcon_core.shell:Creating prefix script '/uav_ws/install/local_setup.sh'
[5.048s] INFO:colcon.colcon_core.shell:Creating prefix util module '/uav_ws/install/_local_setup_util_sh.py'
[5.049s] INFO:colcon.colcon_core.shell:Creating prefix chain script '/uav_ws/install/setup.sh'
[5.050s] INFO:colcon.colcon_core.shell:Creating prefix script '/uav_ws/install/local_setup.bash'
[5.051s] INFO:colcon.colcon_core.shell:Creating prefix chain script '/uav_ws/install/setup.bash'
[5.052s] INFO:colcon.colcon_core.shell:Creating prefix script '/uav_ws/install/local_setup.zsh'
[5.053s] INFO:colcon.colcon_core.shell:Creating prefix chain script '/uav_ws/install/setup.zsh'
