[0.011s] Invoking command in '/uav_ws/build/vehicle_interface': CMAKE_PREFIX_PATH=/opt/ros/humble /usr/bin/cmake /uav_ws/src/vehicle_interface -DCMAKE_INSTALL_PREFIX=/uav_ws/install/vehicle_interface
[0.116s] -- The C compiler identification is GNU 11.4.0
[0.214s] -- The CXX compiler identification is GNU 11.4.0
[0.225s] -- Detecting C compiler ABI info
[0.345s] -- Detecting C compiler ABI info - done
[0.355s] -- Check for working C compiler: /usr/bin/cc - skipped
[0.356s] -- Detecting C compile features
[0.356s] -- Detecting C compile features - done
[0.361s] -- Detecting CXX compiler ABI info
[0.493s] -- Detecting CXX compiler ABI info - done
[0.506s] -- Check for working CXX compiler: /usr/bin/c++ - skipped
[0.506s] -- Detecting CXX compile features
[0.507s] -- Detecting CXX compile features - done
[0.510s] -- Found ament_cmake: 1.3.14 (/opt/ros/humble/share/ament_cmake/cmake)
[0.704s] -- Found Python3: /usr/bin/python3 (found version "3.10.12") found components: Interpreter 
[0.831s] -- Found ament_lint_auto: 0.12.15 (/opt/ros/humble/share/ament_lint_auto/cmake)
[0.946s] -- Added test 'lint_cmake' to check CMake code style
[0.947s] -- Added test 'xmllint' to check XML markup files
[0.949s] -- Configuring done
[0.953s] -- Generating done
[0.956s] -- Build files have been written to: /uav_ws/build/vehicle_interface
[0.964s] Invoked command in '/uav_ws/build/vehicle_interface' returned '0': CMAKE_PREFIX_PATH=/opt/ros/humble /usr/bin/cmake /uav_ws/src/vehicle_interface -DCMAKE_INSTALL_PREFIX=/uav_ws/install/vehicle_interface
[0.967s] Invoking command in '/uav_ws/build/vehicle_interface': CMAKE_PREFIX_PATH=/opt/ros/humble /usr/bin/cmake --build /uav_ws/build/vehicle_interface -- -j4 -l4
[1.036s] Invoked command in '/uav_ws/build/vehicle_interface' returned '0': CMAKE_PREFIX_PATH=/opt/ros/humble /usr/bin/cmake --build /uav_ws/build/vehicle_interface -- -j4 -l4
[1.055s] Invoking command in '/uav_ws/build/vehicle_interface': CMAKE_PREFIX_PATH=/opt/ros/humble /usr/bin/cmake --install /uav_ws/build/vehicle_interface
[1.067s] -- Install configuration: ""
[1.068s] -- Installing: /uav_ws/install/vehicle_interface/share/ament_index/resource_index/package_run_dependencies/vehicle_interface
[1.068s] -- Installing: /uav_ws/install/vehicle_interface/share/ament_index/resource_index/parent_prefix_path/vehicle_interface
[1.068s] -- Installing: /uav_ws/install/vehicle_interface/share/vehicle_interface/environment/ament_prefix_path.sh
[1.068s] -- Installing: /uav_ws/install/vehicle_interface/share/vehicle_interface/environment/ament_prefix_path.dsv
[1.069s] -- Installing: /uav_ws/install/vehicle_interface/share/vehicle_interface/environment/path.sh
[1.069s] -- Installing: /uav_ws/install/vehicle_interface/share/vehicle_interface/environment/path.dsv
[1.069s] -- Installing: /uav_ws/install/vehicle_interface/share/vehicle_interface/local_setup.bash
[1.069s] -- Installing: /uav_ws/install/vehicle_interface/share/vehicle_interface/local_setup.sh
[1.070s] -- Installing: /uav_ws/install/vehicle_interface/share/vehicle_interface/local_setup.zsh
[1.070s] -- Installing: /uav_ws/install/vehicle_interface/share/vehicle_interface/local_setup.dsv
[1.070s] -- Installing: /uav_ws/install/vehicle_interface/share/vehicle_interface/package.dsv
[1.070s] -- Installing: /uav_ws/install/vehicle_interface/share/ament_index/resource_index/packages/vehicle_interface
[1.071s] -- Installing: /uav_ws/install/vehicle_interface/share/vehicle_interface/cmake/vehicle_interfaceConfig.cmake
[1.071s] -- Installing: /uav_ws/install/vehicle_interface/share/vehicle_interface/cmake/vehicle_interfaceConfig-version.cmake
[1.071s] -- Installing: /uav_ws/install/vehicle_interface/share/vehicle_interface/package.xml
[1.075s] Invoked command in '/uav_ws/build/vehicle_interface' returned '0': CMAKE_PREFIX_PATH=/opt/ros/humble /usr/bin/cmake --install /uav_ws/build/vehicle_interface
