[35m[1mConsolidate compiler generated dependencies of target vehicle_interface_node[0m
[ 50%] [32mBuilding CXX object CMakeFiles/vehicle_interface_node.dir/src/vehicle_interface_node.cpp.o[0m
[100%] [32m[1mLinking CXX executable vehicle_interface_node[0m
[100%] Built target vehicle_interface_node
-- Install configuration: ""
-- Installing: /uav_ws/install/vehicle_interface/lib/vehicle_interface/vehicle_interface_node
-- Set runtime path of "/uav_ws/install/vehicle_interface/lib/vehicle_interface/vehicle_interface_node" to ""
-- Up-to-date: /uav_ws/install/vehicle_interface/share/ament_index/resource_index/package_run_dependencies/vehicle_interface
-- Installing: /uav_ws/install/vehicle_interface/share/ament_index/resource_index/parent_prefix_path/vehicle_interface
-- Up-to-date: /uav_ws/install/vehicle_interface/share/vehicle_interface/environment/ament_prefix_path.sh
-- Installing: /uav_ws/install/vehicle_interface/share/vehicle_interface/environment/ament_prefix_path.dsv
-- Up-to-date: /uav_ws/install/vehicle_interface/share/vehicle_interface/environment/path.sh
-- Installing: /uav_ws/install/vehicle_interface/share/vehicle_interface/environment/path.dsv
-- Up-to-date: /uav_ws/install/vehicle_interface/share/vehicle_interface/local_setup.bash
-- Up-to-date: /uav_ws/install/vehicle_interface/share/vehicle_interface/local_setup.sh
-- Up-to-date: /uav_ws/install/vehicle_interface/share/vehicle_interface/local_setup.zsh
-- Installing: /uav_ws/install/vehicle_interface/share/vehicle_interface/local_setup.dsv
-- Installing: /uav_ws/install/vehicle_interface/share/vehicle_interface/package.dsv
-- Up-to-date: /uav_ws/install/vehicle_interface/share/ament_index/resource_index/packages/vehicle_interface
-- Up-to-date: /uav_ws/install/vehicle_interface/share/vehicle_interface/cmake/vehicle_interfaceConfig.cmake
-- Up-to-date: /uav_ws/install/vehicle_interface/share/vehicle_interface/cmake/vehicle_interfaceConfig-version.cmake
-- Up-to-date: /uav_ws/install/vehicle_interface/share/vehicle_interface/package.xml
